// Jest Snapshot v1, https://goo.gl/fbAQLP

exports[`<Reserve /> matches the snapshot 1`] = `
<div
  className="wrapper"
>
  <div>
    <div
      className="price-info"
    >
      $
      200
       per night
    </div>
    <div
      className="review-info"
    >
      * 
      4.75
       (
      200
       reviews)
    </div>
  </div>
  <form>
    <div>
      Dates
    </div>
    <div
      className="container"
    >
      <input
        value="Check-in"
      />
      <div>
         to 
      </div>
      <input
        value="Checkout"
      />
    </div>
    <div>
      <div
        className="box"
      >
        <button
          type="button"
        >
          Prev
        </button>
        <div>
          Month component
        </div>
        <button
          type="button"
        >
          Next
        </button>
      </div>
      <div>
        Calendar
        <div
          className="wrapper"
        >
          <div>
            0
          </div>
          <div>
            0
          </div>
          <div>
            0
          </div>
          <div>
            0
          </div>
          <div>
            0
          </div>
          <div>
            0
          </div>
          <div>
            0
          </div>
        </div>
        <div
          className="wrapper"
        >
          <div>
            0
          </div>
          <div>
            0
          </div>
          <div>
            0
          </div>
          <div>
            0
          </div>
          <div>
            0
          </div>
          <div>
            0
          </div>
          <div>
            0
          </div>
        </div>
        <div
          className="wrapper"
        >
          <div>
            0
          </div>
          <div>
            0
          </div>
          <div>
            0
          </div>
          <div>
            0
          </div>
          <div>
            0
          </div>
          <div>
            0
          </div>
          <div>
            0
          </div>
        </div>
        <div
          className="wrapper"
        >
          <div>
            0
          </div>
          <div>
            0
          </div>
          <div>
            0
          </div>
          <div>
            0
          </div>
          <div>
            0
          </div>
          <div>
            0
          </div>
          <div>
            0
          </div>
        </div>
        <div
          className="wrapper"
        >
          <div>
            0
          </div>
          <div>
            0
          </div>
          <div>
            0
          </div>
          <div>
            0
          </div>
          <div>
            0
          </div>
          <div>
            0
          </div>
          <div>
            0
          </div>
        </div>
        <div
          className="wrapper"
        >
          <div>
            0
          </div>
          <div>
            0
          </div>
          <div>
            0
          </div>
          <div>
            0
          </div>
          <div>
            0
          </div>
          <div>
            0
          </div>
          <div>
            0
          </div>
        </div>
        <div
          className="wrapper"
        >
          <div>
            0
          </div>
          <div>
            0
          </div>
          <div>
            0
          </div>
          <div>
            0
          </div>
          <div>
            0
          </div>
          <div>
            0
          </div>
          <div>
            0
          </div>
        </div>
      </div>
      <div
        className="btnText"
      >
        <button
          className="btn"
          type="button"
        >
          Clear dates
        </button>
      </div>
    </div>
    <div>
      <div
        className="box"
      >
        <button
          type="button"
        >
          Prev
        </button>
        <div>
          Month component
        </div>
        <button
          type="button"
        >
          Next
        </button>
      </div>
      <div>
        Calendar
        <div
          className="wrapper"
        >
          <div>
            0
          </div>
          <div>
            0
          </div>
          <div>
            0
          </div>
          <div>
            0
          </div>
          <div>
            0
          </div>
          <div>
            0
          </div>
          <div>
            0
          </div>
        </div>
        <div
          className="wrapper"
        >
          <div>
            0
          </div>
          <div>
            0
          </div>
          <div>
            0
          </div>
          <div>
            0
          </div>
          <div>
            0
          </div>
          <div>
            0
          </div>
          <div>
            0
          </div>
        </div>
        <div
          className="wrapper"
        >
          <div>
            0
          </div>
          <div>
            0
          </div>
          <div>
            0
          </div>
          <div>
            0
          </div>
          <div>
            0
          </div>
          <div>
            0
          </div>
          <div>
            0
          </div>
        </div>
        <div
          className="wrapper"
        >
          <div>
            0
          </div>
          <div>
            0
          </div>
          <div>
            0
          </div>
          <div>
            0
          </div>
          <div>
            0
          </div>
          <div>
            0
          </div>
          <div>
            0
          </div>
        </div>
        <div
          className="wrapper"
        >
          <div>
            0
          </div>
          <div>
            0
          </div>
          <div>
            0
          </div>
          <div>
            0
          </div>
          <div>
            0
          </div>
          <div>
            0
          </div>
          <div>
            0
          </div>
        </div>
        <div
          className="wrapper"
        >
          <div>
            0
          </div>
          <div>
            0
          </div>
          <div>
            0
          </div>
          <div>
            0
          </div>
          <div>
            0
          </div>
          <div>
            0
          </div>
          <div>
            0
          </div>
        </div>
        <div
          className="wrapper"
        >
          <div>
            0
          </div>
          <div>
            0
          </div>
          <div>
            0
          </div>
          <div>
            0
          </div>
          <div>
            0
          </div>
          <div>
            0
          </div>
          <div>
            0
          </div>
        </div>
      </div>
      <div
        className="btnText"
      >
        <button
          className="btn"
          type="button"
        >
          Clear dates
        </button>
      </div>
    </div>
    <label>
      Guests
    </label>
    <div>
      <div
        className="container"
      >
        <button
          className="btn"
          type="button"
        >
          GuestPicker dropdown
        </button>
      </div>
      <div
        className="dropdown"
      >
        <div
          className="wrapper"
        >
          <div>
            <div>
              Adults
            </div>
            <div />
          </div>
          <div
            className="item"
          >
            <button
              className="btn"
              type="button"
            >
              -
            </button>
          </div>
          <div
            className="item"
          >
            0
          </div>
          <div
            className="item"
          >
            <button
              className="btn"
              type="button"
            >
              +
            </button>
          </div>
        </div>
        <div
          className="wrapper"
        >
          <div>
            <div>
              Children
            </div>
            <div>
              Ages 2–12
            </div>
          </div>
          <div
            className="item"
          >
            <button
              className="btn"
              type="button"
            >
              -
            </button>
          </div>
          <div
            className="item"
          >
            0
          </div>
          <div
            className="item"
          >
            <button
              className="btn"
              type="button"
            >
              +
            </button>
          </div>
        </div>
        <div
          className="wrapper"
        >
          <div>
            <div>
              Infants
            </div>
            <div>
              Under 2
            </div>
          </div>
          <div
            className="item"
          >
            <button
              className="btn"
              type="button"
            >
              -
            </button>
          </div>
          <div
            className="item"
          >
            0
          </div>
          <div
            className="item"
          >
            <button
              className="btn"
              type="button"
            >
              +
            </button>
          </div>
        </div>
      </div>
    </div>
    <input
      type="hidden"
      value={1}
    />
    <input
      type="hidden"
      value={0}
    />
    <input
      type="hidden"
      value={0}
    />
    <button
      className="btn"
      type="submit"
    >
      Reserve
    </button>
  </form>
  <div>
    You won't be charged yet
  </div>
</div>
`;
