// Jest Snapshot v1, https://goo.gl/fbAQLP

exports[`<Reserve /> matches the snapshot 1`] = `
<div
  className="reserve-module"
>
  <div>
    <div
      className="price-info"
    >
      $
      200
       per night
    </div>
    <div
      className="review-info"
    >
      * 
      4.75
       (
      200
       reviews)
    </div>
  </div>
  <form>
    <label>
      Dates
    </label>
    <div>
      <input />
    </div>
    <div>
      <input />
    </div>
    <label>
      Guests
    </label>
    <div>
      This is the GuestPicker component
    </div>
    <div>
      This is the PriceChart component
    </div>
    <div>
      This is the SubmitButton component
    </div>
    <label>
      You won't be charged yet
    </label>
  </form>
</div>
`;
